<?xml version="1.0" encoding="UTF-8"?>
<TestRun id="494fc06a-6b9a-45c8-a3b2-21b8ef5c9d4a" name="shawn@SHAWN-PC 2012-04-13 11:11:52" runUser="shawn-PC\shawn" xmlns="http://microsoft.com/schemas/VisualStudio/TeamTest/2010">
  <TestSettings name="本地" id="d231aa31-7060-47bd-87ca-40e211ac9d53">
    <Description>这些设置为本地测试运行的默认测试设置。</Description>
    <Deployment enabled="false" runDeploymentRoot="shawn_SHAWN-PC 2012-04-13 11_11_52">
      <DeploymentItem filename="G:\agile\bowlingGameScoring\bowlingGameScoring\bin\Debug\bowlingGameScoring.exe" />
    </Deployment>
    <Execution>
      <TestTypeSpecific />
      <AgentRule name="Execution Agents">
      </AgentRule>
    </Execution>
  </TestSettings>
  <Times creation="2012-04-13T11:11:52.4697726+08:00" queuing="2012-04-13T11:11:52.5347764+08:00" start="2012-04-13T11:11:52.5437769+08:00" finish="2012-04-13T11:11:52.9488000+08:00" />
  <ResultSummary outcome="Completed">
    <Counters total="1" executed="1" passed="1" error="0" failed="0" timeout="0" aborted="0" inconclusive="0" passedButRunAborted="0" notRunnable="0" notExecuted="0" disconnected="0" warning="0" completed="0" inProgress="0" pending="0" />
  </ResultSummary>
  <TestDefinitions>
    <UnitTest name="TestFrameScore" storage="g:\agile\bowlinggamescoring\bowlinggamescoringtest\bin\debug\bowlinggamescoringtest.dll" id="5979944a-db84-3a64-8e78-e90d7457d363">
      <Execution id="7e4dc62a-e3ab-440f-813a-e6fe60be5cc4" />
      <TestMethod codeBase="G:/agile/bowlingGameScoring/bowlingGameScoringTest/bin/Debug/bowlingGameScoringTest.DLL" adapterTypeName="Microsoft.VisualStudio.TestTools.TestTypes.Unit.UnitTestAdapter, Microsoft.VisualStudio.QualityTools.Tips.UnitTest.Adapter, Version=10.0.0.0, Culture=neutral, PublicKeyToken=b03f5f7f11d50a3a" className="bowlingGameScoringTest.FrameTest1, bowlingGameScoringTest, Version=1.0.0.0, Culture=neutral, PublicKeyToken=null" name="TestFrameScore" />
    </UnitTest>
  </TestDefinitions>
  <TestLists>
    <TestList name="列表中未列出的结果" id="8c84fa94-04c1-424b-9868-57a2d4851a1d" />
    <TestList name="所有已加载的结果" id="19431567-8539-422a-85d7-44ee4e166bda" />
  </TestLists>
  <TestEntries>
    <TestEntry testId="5979944a-db84-3a64-8e78-e90d7457d363" executionId="7e4dc62a-e3ab-440f-813a-e6fe60be5cc4" testListId="8c84fa94-04c1-424b-9868-57a2d4851a1d" />
  </TestEntries>
  <Results>
    <UnitTestResult executionId="7e4dc62a-e3ab-440f-813a-e6fe60be5cc4" testId="5979944a-db84-3a64-8e78-e90d7457d363" testName="TestFrameScore" computerName="SHAWN-PC" duration="00:00:00.0319168" startTime="2012-04-13T11:11:52.5797789+08:00" endTime="2012-04-13T11:11:52.9127980+08:00" testType="13cdc9d9-ddb5-4fa4-a97d-d965ccfc6d4b" outcome="Passed" testListId="8c84fa94-04c1-424b-9868-57a2d4851a1d" relativeResultsDirectory="7e4dc62a-e3ab-440f-813a-e6fe60be5cc4">
    </UnitTestResult>
  </Results>
</TestRun>