<?xml version="1.0" encoding="UTF-8"?>
<TestRun id="2effe1f2-318c-4b6d-b6af-76d63ef990ad" name="shawn@SHAWN-PC 2012-04-13 11:02:12" runUser="shawn-PC\shawn" xmlns="http://microsoft.com/schemas/VisualStudio/TeamTest/2010">
  <TestSettings name="本地" id="d231aa31-7060-47bd-87ca-40e211ac9d53">
    <Description>这些设置为本地测试运行的默认测试设置。</Description>
    <Deployment enabled="false" runDeploymentRoot="shawn_SHAWN-PC 2012-04-13 11_02_12">
      <DeploymentItem filename="G:\agile\bowlingGameScoring\bowlingGameScoring\bin\Debug\bowlingGameScoring.exe" />
    </Deployment>
    <Execution>
      <TestTypeSpecific />
      <AgentRule name="Execution Agents">
      </AgentRule>
    </Execution>
  </TestSettings>
  <Times creation="2012-04-13T11:02:12.8445846+08:00" queuing="2012-04-13T11:02:12.8757846+08:00" start="2012-04-13T11:02:12.9069847+08:00" finish="2012-04-13T11:02:13.3437855+08:00" />
  <ResultSummary outcome="Completed">
    <Counters total="1" executed="1" passed="1" error="0" failed="0" timeout="0" aborted="0" inconclusive="0" passedButRunAborted="0" notRunnable="0" notExecuted="0" disconnected="0" warning="0" completed="0" inProgress="0" pending="0" />
  </ResultSummary>
  <TestDefinitions>
    <UnitTest name="TestFrameScore" storage="g:\agile\bowlinggamescoring\bowlinggamescoringtest\bin\debug\bowlinggamescoringtest.dll" id="5979944a-db84-3a64-8e78-e90d7457d363">
      <Execution id="e31a03a8-2cd5-4cd1-b4a0-8c49af0176c7" />
      <TestMethod codeBase="G:/agile/bowlingGameScoring/bowlingGameScoringTest/bin/Debug/bowlingGameScoringTest.DLL" adapterTypeName="Microsoft.VisualStudio.TestTools.TestTypes.Unit.UnitTestAdapter, Microsoft.VisualStudio.QualityTools.Tips.UnitTest.Adapter, Version=10.0.0.0, Culture=neutral, PublicKeyToken=b03f5f7f11d50a3a" className="bowlingGameScoringTest.FrameTest1, bowlingGameScoringTest, Version=1.0.0.0, Culture=neutral, PublicKeyToken=null" name="TestFrameScore" />
    </UnitTest>
  </TestDefinitions>
  <TestLists>
    <TestList name="列表中未列出的结果" id="8c84fa94-04c1-424b-9868-57a2d4851a1d" />
    <TestList name="所有已加载的结果" id="19431567-8539-422a-85d7-44ee4e166bda" />
  </TestLists>
  <TestEntries>
    <TestEntry testId="5979944a-db84-3a64-8e78-e90d7457d363" executionId="e31a03a8-2cd5-4cd1-b4a0-8c49af0176c7" testListId="8c84fa94-04c1-424b-9868-57a2d4851a1d" />
  </TestEntries>
  <Results>
    <UnitTestResult executionId="e31a03a8-2cd5-4cd1-b4a0-8c49af0176c7" testId="5979944a-db84-3a64-8e78-e90d7457d363" testName="TestFrameScore" computerName="SHAWN-PC" duration="00:00:00.0217026" startTime="2012-04-13T11:02:12.9381847+08:00" endTime="2012-04-13T11:02:13.3125854+08:00" testType="13cdc9d9-ddb5-4fa4-a97d-d965ccfc6d4b" outcome="Passed" testListId="8c84fa94-04c1-424b-9868-57a2d4851a1d" relativeResultsDirectory="e31a03a8-2cd5-4cd1-b4a0-8c49af0176c7">
    </UnitTestResult>
  </Results>
</TestRun>